[botmaster.software/india/index.html]
[backblue.gif]
[fade.gif]
[index.html]
[botmaster.software/wp-content/cache/tw_optimize/css/two_2630_aggregated_cde9717b0a64d4e9bba0c3df4f9f2687_delay.min4ecd.css]
[botmaster.software/wp-content/cache/tw_optimize/css/two_2630_aggregated_5031697833a1b266bf9fe4d7a52cf38e_delay.min4ecd.css]
[botmaster.software/wp-includes/js/jquery/jquery.minf43b.js]
[botmaster.software/wp-includes/js/jquery/jquery-migrate.min5589.js]
[botmaster.software/wp-content/plugins/woocommerce/assets/js/jquery-blockui/jquery.blockUI.min4485.js]
[d2mpatx37cqexb.cloudfront.net/delightchat-whatsapp-widget/embeds/embed.min.js]
[botmaster.software/wp-content/uploads/2023/03/cropped-Bot-Master-1-32x32.png]
[botmaster.software/wp-content/uploads/2023/03/cropped-Bot-Master-1-192x192.png]
[botmaster.software/wp-content/uploads/2023/03/cropped-Bot-Master-1-180x180.png]
[botmaster.software/india/GET]
[botmaster.software/wp-content/uploads/2023/03/botmaster-logo-1-2.png]
[themexriver.com/appilo-theme/app-showcase/wp-content/uploads/sites/4/2021/07/b-shapeup.b.delayed]
[themexriver.com/appilo-theme/app-showcase/wp-content/uploads/sites/4/2021/07/b-shapemiddle.png]
[themexriver.com/appilo-theme/app-showcase/wp-content/uploads/sites/4/2021/07/b-shapemiddle-1.png]
[botmaster.software/wp-content/themes/appilo/img/app-showcase/shape/ss-shape1.png]
[botmaster.software/wp-content/themes/appilo/img/app-showcase/shape/ss-shape2.png]
[themexriver.com/appilo-theme/app-showcase/wp-content/uploads/sites/4/2021/07/fq-shape1.png]
[themexriver.com/appilo-theme/app-showcase/wp-content/uploads/sites/4/2021/07/fq-shape2.png]
[themexriver.com/appilo-theme/app-showcase/wp-content/uploads/sites/4/2021/07/fq-shape3.png]
[themexriver.com/appilo-theme/app-showcase/wp-content/uploads/sites/4/2021/07/fq-shape4.png]
[themexriver.com/appilo-theme/app-showcase/wp-content/uploads/sites/4/2021/07/fq-shape5.png]
[themexriver.com/appilo-theme/app-showcase/wp-content/uploads/sites/4/2021/07/fq-shape6.png]
[themexriver.com/appilo-theme/app-showcase/wp-content/uploads/sites/4/2021/07/fq-shape8.png]
[themexriver.com/appilo-theme/app-showcase/wp-content/uploads/sites/4/2021/07/fq-shape7.png]
[themexriver.com/appilo-theme/app-showcase/wp-content/uploads/sites/4/2021/07/tbg.png]
[botmaster.software/wp-content/uploads/2023/03/Sidhartha.png]
[botmaster.software/wp-content/uploads/2023/03/rohan.png]
[themexriver.com/appilo-theme/app-showcase/wp-content/uploads/sites/4/2020/01/author-thumb-4-25.jpg]
[botmaster.software/wp-content/uploads/2023/07/LORENZO-NKAMNA.png]
[botmaster.software/wp-content/uploads/2023/03/Bot-Master-.png]
[botmaster.software/wp-content/uploads/2020/05/paypal.png]
[botmaster.software/wp-content/uploads/2023/03/fo-shape1-1-1.png]
[botmaster.software/wp-content/uploads/2023/03/fo-shape2-1-1.png]
[botmaster.software/wp-content/uploads/2023/03/eimap-1-1.png]
[botmaster.software/wp-content/plugins/bravepopup-pro/assets/images/preloader.png]
[botmaster.software/cdn-cgi/scripts/5c5dd728/cloudflare-static/email-decode.min.js]
[botmaster.software/wp-content/plugins/tenweb-speed-optimizer/includes/external/js/vanilla-lazyload/lazyload.min.js]
[botmaster.software/india/index.html]
[botmaster.software/wp-content/plugins/tenweb-speed-optimizer/includes/external/js/vanilla-lazyload/two_bg_vanilla.js]
[botmaster.software/wp-content/themes/appilo/img/shape/s_01.png]
[botmaster.software/wp-content/plugins/elementskit-lite/widgets/init/assets/img/arrow.png]
[botmaster.software/wp-content/cache/tw_optimize/css/two_2630_aggregated_5031697833a1b266bf9fe4d7a52cf38e_delay.min4ecd.css]
[botmaster.software/wp-content/cache/tw_optimize/css/two_2630_aggregated_cde9717b0a64d4e9bba0c3df4f9f2687_delay.min4ecd.css]
[botmaster.software/india/GET.html]
[themexriver.com/appilo-theme/app-showcase/wp-content/uploads/sites/4/2021/07/b-shapeup.html]
[themexriver.com/appilo-theme/app-showcase/wp-content/uploads/sites/4/2021/07/b-shapemiddle.html]
[themexriver.com/appilo-theme/app-showcase/wp-content/uploads/sites/4/2021/07/b-shapemiddle-1.html]
[botmaster.software/wp-content/themes/appilo/img/app-showcase/shape/ss-shape1.html]
[botmaster.software/wp-content/themes/appilo/img/app-showcase/shape/ss-shape2.html]
[themexriver.com/appilo-theme/app-showcase/wp-content/uploads/sites/4/2021/07/fq-shape1.html]
[themexriver.com/appilo-theme/app-showcase/wp-content/uploads/sites/4/2021/07/fq-shape2.html]
[themexriver.com/appilo-theme/app-showcase/wp-content/uploads/sites/4/2021/07/fq-shape3.html]
[themexriver.com/appilo-theme/app-showcase/wp-content/uploads/sites/4/2021/07/fq-shape4.html]
[themexriver.com/appilo-theme/app-showcase/wp-content/uploads/sites/4/2021/07/fq-shape5.html]
[themexriver.com/appilo-theme/app-showcase/wp-content/uploads/sites/4/2021/07/fq-shape6.html]
[themexriver.com/appilo-theme/app-showcase/wp-content/uploads/sites/4/2021/07/fq-shape8.html]
[themexriver.com/appilo-theme/app-showcase/wp-content/uploads/sites/4/2021/07/fq-shape7.html]
[themexriver.com/appilo-theme/app-showcase/wp-content/uploads/sites/4/2021/07/tbg.html]
[themexriver.com/appilo-theme/app-showcase/wp-content/uploads/sites/4/2020/01/author-thumb-4-25.html]
[botmaster.software/wp-content/themes/appilo/img/shape/s_01.html]
